127.0.0.1 - - [13/Mar/2024:09:20:13 +0900] "GET / HTTP/1.1" 404 807
0:0:0:0:0:0:0:1 - - [13/Mar/2024:09:20:15 +0900] "GET /DAOSample/acorn HTTP/1.1" 200 1675
0:0:0:0:0:0:0:1 - - [13/Mar/2024:09:20:15 +0900] "GET /favicon.ico HTTP/1.1" 404 818
127.0.0.1 - - [13/Mar/2024:09:49:22 +0900] "GET / HTTP/1.1" 404 807
0:0:0:0:0:0:0:1 - - [13/Mar/2024:09:49:22 +0900] "GET /day7/acornlist HTTP/1.1" 200 -
127.0.0.1 - - [13/Mar/2024:10:11:49 +0900] "GET / HTTP/1.1" 404 807
0:0:0:0:0:0:0:1 - - [13/Mar/2024:10:11:50 +0900] "GET /day7/acornlist HTTP/1.1" 200 396
127.0.0.1 - - [13/Mar/2024:10:26:07 +0900] "GET / HTTP/1.1" 404 807
0:0:0:0:0:0:0:1 - - [13/Mar/2024:10:26:08 +0900] "GET /day7/WEB-INF/classes/day7/AcornService.java HTTP/1.1" 404 721
0:0:0:0:0:0:0:1 - - [13/Mar/2024:10:26:24 +0900] "GET /day7/acornlist HTTP/1.1" 200 396
127.0.0.1 - - [13/Mar/2024:10:41:22 +0900] "GET / HTTP/1.1" 404 807
0:0:0:0:0:0:0:1 - - [13/Mar/2024:10:41:23 +0900] "GET /day7/acornlist HTTP/1.1" 200 629
127.0.0.1 - - [13/Mar/2024:11:38:38 +0900] "GET / HTTP/1.1" 404 807
0:0:0:0:0:0:0:1 - - [13/Mar/2024:11:38:38 +0900] "GET /day7/acornlist HTTP/1.1" 200 629
127.0.0.1 - - [13/Mar/2024:11:39:16 +0900] "GET / HTTP/1.1" 404 807
0:0:0:0:0:0:0:1 - - [13/Mar/2024:11:39:17 +0900] "GET /day7/acornlist HTTP/1.1" 200 1636
127.0.0.1 - - [13/Mar/2024:11:46:14 +0900] "GET / HTTP/1.1" 404 807
0:0:0:0:0:0:0:1 - - [13/Mar/2024:11:46:14 +0900] "GET /day7/WEB-INF/classes/day7/AcornService.java HTTP/1.1" 404 721
127.0.0.1 - - [13/Mar/2024:12:30:55 +0900] "GET / HTTP/1.1" 404 807
0:0:0:0:0:0:0:1 - - [13/Mar/2024:12:30:55 +0900] "GET /day7/servlet/day7.RegServlet HTTP/1.1" 404 843
127.0.0.1 - - [13/Mar/2024:12:36:58 +0900] "GET / HTTP/1.1" 404 807
0:0:0:0:0:0:0:1 - - [13/Mar/2024:12:37:00 +0900] "GET /day7/reg HTTP/1.1" 200 731
127.0.0.1 - - [13/Mar/2024:12:44:51 +0900] "GET / HTTP/1.1" 404 807
0:0:0:0:0:0:0:1 - - [13/Mar/2024:12:44:51 +0900] "GET /day7/reg HTTP/1.1" 200 731
0:0:0:0:0:0:0:1 - - [13/Mar/2024:12:45:24 +0900] "GET /day7/reg?id=test&pw=1234&name=admin HTTP/1.1" 200 731
0:0:0:0:0:0:0:1 - - [13/Mar/2024:12:45:25 +0900] "GET /day7/reg?id=&pw=&name= HTTP/1.1" 200 731
0:0:0:0:0:0:0:1 - - [13/Mar/2024:12:45:25 +0900] "GET /day7/reg?id=&pw=&name= HTTP/1.1" 200 731
0:0:0:0:0:0:0:1 - - [13/Mar/2024:12:45:26 +0900] "GET /day7/reg?id=&pw=&name= HTTP/1.1" 200 731
0:0:0:0:0:0:0:1 - - [13/Mar/2024:12:45:26 +0900] "GET /day7/reg?id=&pw=&name= HTTP/1.1" 200 731
0:0:0:0:0:0:0:1 - - [13/Mar/2024:12:45:46 +0900] "GET /day7/reg?id=dd&pw=1234&name=damm HTTP/1.1" 200 731
127.0.0.1 - - [13/Mar/2024:12:46:41 +0900] "GET / HTTP/1.1" 404 807
0:0:0:0:0:0:0:1 - - [13/Mar/2024:12:46:42 +0900] "GET /day7/reg HTTP/1.1" 200 732
0:0:0:0:0:0:0:1 - - [13/Mar/2024:12:46:52 +0900] "POST /day7/reg HTTP/1.1" 404 819
127.0.0.1 - - [13/Mar/2024:12:47:13 +0900] "GET / HTTP/1.1" 404 807
0:0:0:0:0:0:0:1 - - [13/Mar/2024:12:47:13 +0900] "GET /day7/reg HTTP/1.1" 200 732
127.0.0.1 - - [13/Mar/2024:14:23:55 +0900] "GET / HTTP/1.1" 404 807
0:0:0:0:0:0:0:1 - - [13/Mar/2024:14:23:56 +0900] "GET /day7/acorn HTTP/1.1" 200 646
127.0.0.1 - - [13/Mar/2024:14:36:37 +0900] "GET / HTTP/1.1" 404 807
0:0:0:0:0:0:0:1 - - [13/Mar/2024:14:36:39 +0900] "GET /day7/acorn HTTP/1.1" 200 729
0:0:0:0:0:0:0:1 - - [13/Mar/2024:14:36:43 +0900] "GET /day7/acorn? HTTP/1.1" 200 729
0:0:0:0:0:0:0:1 - - [13/Mar/2024:14:36:44 +0900] "GET /day7/acorn? HTTP/1.1" 200 729
127.0.0.1 - - [13/Mar/2024:14:43:44 +0900] "GET / HTTP/1.1" 404 807
0:0:0:0:0:0:0:1 - - [13/Mar/2024:14:43:45 +0900] "GET /day7/acorn HTTP/1.1" 500 3037
0:0:0:0:0:0:0:1 - - [13/Mar/2024:14:43:45 +0900] "GET /favicon.ico HTTP/1.1" 404 818
0:0:0:0:0:0:0:1 - - [13/Mar/2024:14:43:57 +0900] "GET /day7/acorn?id=sj HTTP/1.1" 200 738
0:0:0:0:0:0:0:1 - - [13/Mar/2024:14:44:16 +0900] "GET /day7/acorn?id=sj HTTP/1.1" 200 747
127.0.0.1 - - [13/Mar/2024:14:45:54 +0900] "GET / HTTP/1.1" 404 807
0:0:0:0:0:0:0:1 - - [13/Mar/2024:14:45:55 +0900] "GET /day7/acorn HTTP/1.1" 500 3062
0:0:0:0:0:0:0:1 - - [13/Mar/2024:14:46:06 +0900] "GET /day7/acorn=?id=js HTTP/1.1" 404 822
0:0:0:0:0:0:0:1 - - [13/Mar/2024:14:46:10 +0900] "GET /day7/acorn=?id=sj HTTP/1.1" 404 822
0:0:0:0:0:0:0:1 - - [13/Mar/2024:14:46:17 +0900] "GET /day7/acorn HTTP/1.1" 500 3062
127.0.0.1 - - [13/Mar/2024:14:47:14 +0900] "GET / HTTP/1.1" 404 807
0:0:0:0:0:0:0:1 - - [13/Mar/2024:14:47:15 +0900] "GET /day7/acorn HTTP/1.1" 500 3062
0:0:0:0:0:0:0:1 - - [13/Mar/2024:14:47:22 +0900] "GET /day7/acorn?id=sj HTTP/1.1" 200 784
127.0.0.1 - - [13/Mar/2024:14:50:18 +0900] "GET / HTTP/1.1" 404 807
0:0:0:0:0:0:0:1 - - [13/Mar/2024:14:50:20 +0900] "GET /day7/acorn HTTP/1.1" 500 3069
0:0:0:0:0:0:0:1 - - [13/Mar/2024:14:50:26 +0900] "GET /day7/acorn?id=sj HTTP/1.1" 200 791
0:0:0:0:0:0:0:1 - - [13/Mar/2024:14:50:28 +0900] "GET /day7/acorn?id=sj&pw=1231&name=%EA%B9%80%EC%88%98%EC%A7%84 HTTP/1.1" 200 791
127.0.0.1 - - [13/Mar/2024:14:55:53 +0900] "GET / HTTP/1.1" 404 807
0:0:0:0:0:0:0:1 - - [13/Mar/2024:14:55:55 +0900] "GET /day7/acorn HTTP/1.1" 500 3062
0:0:0:0:0:0:0:1 - - [13/Mar/2024:14:55:57 +0900] "GET /day7/acorn?id=sj HTTP/1.1" 200 784
127.0.0.1 - - [13/Mar/2024:15:15:59 +0900] "GET / HTTP/1.1" 404 807
0:0:0:0:0:0:0:1 - - [13/Mar/2024:15:16:01 +0900] "GET /day7/acorn HTTP/1.1" 500 3062
0:0:0:0:0:0:0:1 - - [13/Mar/2024:15:16:05 +0900] "GET /day7/acorn?id=sj HTTP/1.1" 200 831
0:0:0:0:0:0:0:1 - - [13/Mar/2024:15:16:09 +0900] "POST /day/update HTTP/1.1" 404 821
0:0:0:0:0:0:0:1 - - [13/Mar/2024:15:16:36 +0900] "POST /day/update HTTP/1.1" 404 821
0:0:0:0:0:0:0:1 - - [13/Mar/2024:15:16:57 +0900] "GET /day7/acorn?id=sj HTTP/1.1" 200 832
0:0:0:0:0:0:0:1 - - [13/Mar/2024:15:16:58 +0900] "POST /day7/update HTTP/1.1" 200 143
127.0.0.1 - - [13/Mar/2024:15:18:12 +0900] "GET / HTTP/1.1" 404 807
0:0:0:0:0:0:0:1 - - [13/Mar/2024:15:18:12 +0900] "GET /day7/update HTTP/1.1" 405 825
0:0:0:0:0:0:0:1 - - [13/Mar/2024:15:18:33 +0900] "GET /day7/acorn HTTP/1.1" 500 3052
0:0:0:0:0:0:0:1 - - [13/Mar/2024:15:18:36 +0900] "GET /day7/acorn?id=sj HTTP/1.1" 200 832
0:0:0:0:0:0:0:1 - - [13/Mar/2024:15:18:38 +0900] "POST /day7/update HTTP/1.1" 200 143
127.0.0.1 - - [13/Mar/2024:15:35:39 +0900] "GET / HTTP/1.1" 404 807
0:0:0:0:0:0:0:1 - - [13/Mar/2024:15:35:40 +0900] "GET /day7/acorn HTTP/1.1" 500 3052
0:0:0:0:0:0:0:1 - - [13/Mar/2024:15:35:44 +0900] "GET /day7/acorn?id=sj HTTP/1.1" 200 832
0:0:0:0:0:0:0:1 - - [13/Mar/2024:15:35:50 +0900] "POST /day7/update HTTP/1.1" 200 143
0:0:0:0:0:0:0:1 - - [13/Mar/2024:15:36:00 +0900] "GET /day7/acornlist HTTP/1.1" 200 1757
0:0:0:0:0:0:0:1 - - [13/Mar/2024:15:36:00 +0900] "GET /day7/css/list.css HTTP/1.1" 200 164
127.0.0.1 - - [13/Mar/2024:15:45:34 +0900] "GET / HTTP/1.1" 404 807
0:0:0:0:0:0:0:1 - - [13/Mar/2024:15:45:35 +0900] "GET /day7/acorn HTTP/1.1" 500 3052
0:0:0:0:0:0:0:1 - - [13/Mar/2024:15:45:41 +0900] "GET /day7/acorn?id=sj HTTP/1.1" 200 832
0:0:0:0:0:0:0:1 - - [13/Mar/2024:15:47:44 +0900] "GET /day7/acorn HTTP/1.1" 500 3052
0:0:0:0:0:0:0:1 - - [13/Mar/2024:15:47:47 +0900] "GET /day7/acorn?id=sj HTTP/1.1" 200 832
0:0:0:0:0:0:0:1 - - [13/Mar/2024:15:48:23 +0900] "GET /day7/acorn HTTP/1.1" 500 3052
0:0:0:0:0:0:0:1 - - [13/Mar/2024:15:48:27 +0900] "GET /day7/acorn?id=sj HTTP/1.1" 200 832
0:0:0:0:0:0:0:1 - - [13/Mar/2024:15:51:01 +0900] "GET /day7/acorn HTTP/1.1" 500 3052
127.0.0.1 - - [13/Mar/2024:15:51:17 +0900] "GET / HTTP/1.1" 404 807
0:0:0:0:0:0:0:1 - - [13/Mar/2024:15:51:17 +0900] "GET /day7/%ED%95%99%EC%83%9D%EC%A1%B0%ED%9A%8C%ED%95%98%EA%B8%B0.html HTTP/1.1" 200 188
0:0:0:0:0:0:0:1 - - [13/Mar/2024:15:51:20 +0900] "GET /day7/acorn?id=sj HTTP/1.1" 200 832
0:0:0:0:0:0:0:1 - - [13/Mar/2024:15:55:27 +0900] "GET /day7/acorn HTTP/1.1" 500 3052
0:0:0:0:0:0:0:1 - - [13/Mar/2024:15:55:31 +0900] "GET /day7/acorn?id=sj HTTP/1.1" 200 832
0:0:0:0:0:0:0:1 - - [13/Mar/2024:15:55:34 +0900] "POST /day7/update HTTP/1.1" 200 143
127.0.0.1 - - [13/Mar/2024:16:26:53 +0900] "GET / HTTP/1.1" 404 807
0:0:0:0:0:0:0:1 - - [13/Mar/2024:16:26:53 +0900] "GET /day7/servlet/day8.wow HTTP/1.1" 404 836
127.0.0.1 - - [13/Mar/2024:16:27:14 +0900] "GET / HTTP/1.1" 404 807
0:0:0:0:0:0:0:1 - - [13/Mar/2024:16:27:14 +0900] "GET /day7/wow HTTP/1.1" 404 844
127.0.0.1 - - [13/Mar/2024:16:27:41 +0900] "GET / HTTP/1.1" 404 807
0:0:0:0:0:0:0:1 - - [13/Mar/2024:16:27:41 +0900] "GET /day7/wow_2 HTTP/1.1" 404 844
0:0:0:0:0:0:0:1 - - [13/Mar/2024:16:27:46 +0900] "GET /day7/wow_2 HTTP/1.1" 404 844
127.0.0.1 - - [13/Mar/2024:16:28:46 +0900] "GET / HTTP/1.1" 404 807
0:0:0:0:0:0:0:1 - - [13/Mar/2024:16:28:47 +0900] "GET /day7/wow_2 HTTP/1.1" 200 345
0:0:0:0:0:0:0:1 - - [13/Mar/2024:16:29:10 +0900] "GET /day7/wow_2 HTTP/1.1" 200 399
0:0:0:0:0:0:0:1 - - [13/Mar/2024:16:30:25 +0900] "GET /day7/wow_2 HTTP/1.1" 200 414
0:0:0:0:0:0:0:1 - - [13/Mar/2024:16:30:53 +0900] "GET /day7/wow_2 HTTP/1.1" 200 414
0:0:0:0:0:0:0:1 - - [13/Mar/2024:16:30:54 +0900] "GET /day7/wow_2 HTTP/1.1" 200 414
127.0.0.1 - - [13/Mar/2024:16:41:33 +0900] "GET / HTTP/1.1" 404 807
0:0:0:0:0:0:0:1 - - [13/Mar/2024:16:41:34 +0900] "GET /day7/acorn HTTP/1.1" 500 3052
0:0:0:0:0:0:0:1 - - [13/Mar/2024:16:41:45 +0900] "GET /day7/acorn?id=sj HTTP/1.1" 200 832
0:0:0:0:0:0:0:1 - - [13/Mar/2024:16:43:26 +0900] "GET /day7/acorn HTTP/1.1" 500 3052
0:0:0:0:0:0:0:1 - - [13/Mar/2024:16:43:32 +0900] "GET /DAOSample/acorn HTTP/1.1" 200 1867
127.0.0.1 - - [13/Mar/2024:16:52:18 +0900] "GET / HTTP/1.1" 404 807
0:0:0:0:0:0:0:1 - - [13/Mar/2024:16:52:18 +0900] "GET /day7/WEB-INF/classes/day8/wowDAO.java HTTP/1.1" 404 721
127.0.0.1 - - [13/Mar/2024:16:52:44 +0900] "GET / HTTP/1.1" 404 807
0:0:0:0:0:0:0:1 - - [13/Mar/2024:16:52:44 +0900] "GET /day7/WEB-INF/classes/day8/wowDAO.java HTTP/1.1" 404 721
127.0.0.1 - - [13/Mar/2024:16:55:10 +0900] "GET / HTTP/1.1" 404 807
0:0:0:0:0:0:0:1 - - [13/Mar/2024:16:55:10 +0900] "GET /day7/WEB-INF/classes/day8/wowDAO.java HTTP/1.1" 404 721
127.0.0.1 - - [13/Mar/2024:16:57:33 +0900] "GET / HTTP/1.1" 404 807
0:0:0:0:0:0:0:1 - - [13/Mar/2024:16:57:33 +0900] "GET /day7/WEB-INF/classes/day8/wowDAO.java HTTP/1.1" 404 721
